// Jest Snapshot v1, https://goo.gl/fbAQLP

exports[`App component renders App 1`] = `
<DocumentFragment>
  <h1>
    Book List
  </h1>
  <input
    text="text"
    value=""
  />
  <button>
    Add Book
  </button>
</DocumentFragment>
`;
